// Jest Snapshot v1, https://goo.gl/fbAQLP

exports[`[SNAPSHOT][Componentes][Common][MenuWithBlur] - Menú con efecto "blur" sobre el contenido. Debe pintar correctamente el menú con las opciones configuradas. 1`] = `
.c9 {
  box-sizing: border-box;
  display: block;
  height: auto;
  margin: 0px;
  opacity: 0;
  padding: 0px;
  position: absolute;
  width: auto;
}

.c6 {
  display: inline-block;
  fill: #FFF;
  height: 50px;
  margin: 0px;
  vertical-align: middle;
  width: 50px;
  -webkit-transition: all .3s;
  transition: all .3s;
}

.c4 {
  background-color: #1476FB;
  border: 1px solid #1476FB;
  border-radius: 5px;
  box-sizing: border-box;
  color: #FFF;
  cursor: pointer;
  display: inline-block;
  font-size: 14px;
  font-family: "Open Sans",sans-serif;
  font-stretch: normal;
  font-style: normal;
  font-weight: bold;
  height: 30px;
  -webkit-letter-spacing: normal;
  -moz-letter-spacing: normal;
  -ms-letter-spacing: normal;
  letter-spacing: normal;
  padding: 5px 30px;
  text-align: center;
  width: auto;
  -webkit-transition: all .3s;
  transition: all .3s;
}

.c4:hover {
  background-color: #0960D3;
  border: 1px solid #0960D3;
  color: #FFF;
  -webkit-text-decoration: none;
  text-decoration: none;
}

.c4:hover .c5 {
  fill: #FFF;
}

.c4:disabled {
  background-color: #BFBFBF;
  border: 1px solid #BFBFBF;
  color: #FFF;
  pointer-events: none;
}

.c4:disabled .c5 {
  fill: #FFF;
}

.c4:focus {
  outline: none;
}

.c4 .c5 {
  fill: #FFF;
  height: 20px;
  width: 20px;
}

.c3 {
  border-radius: 50%;
  padding: 0px;
  width: 30px;
}

.c0 {
  box-sizing: border-box;
  height: auto;
  margin: 0px;
  padding: 0px;
  width: 100%;
}

.c1 {
  background-color: #FFF;
  box-sizing: border-box;
  display: inline-block;
  height: 50px;
  margin: 0px;
  padding: 10px;
  width: 100%;
}

.c2 {
  cursor: pointer;
  float: left;
  height: 30px;
  margin: 0px;
  padding: 1px 0px 0px 0px;
  width: 30px;
}

.c7 {
  color: #242424;
  float: left;
  font-family: "Open Sans",sans-serif;
  font-size: 20px;
  font-stretch: normal;
  font-style: normal;
  font-weight: bold;
  height: 30px;
  margin: 0px 0px 0px 10px;
  padding: 2px 0px 0px 0px;
  width: auto;
}

.c8 {
  background-color: transparent;
  box-sizing: border-box;
  display: block;
  height: auto;
  margin: 0px;
  min-width: 300px;
  opacity: 0;
  padding: 0px;
  position: absolute;
  z-index: 999;
  -webkit-transform: scale(0);
  -ms-transform: scale(0);
  transform: scale(0);
  -webkit-transform-origin: 0px 0px;
  -ms-transform-origin: 0px 0px;
  transform-origin: 0px 0px;
}

.c10 {
  box-sizing: border-box;
  height: auto;
  margin: 0px;
  padding: 0px;
  width: 100%;
  -webkit-animation: jRxbiA 0.3s ease forwards;
  animation: jRxbiA 0.3s ease forwards;
  pointer-events: auto;
}

@media screen and (max-width:767px) {
  .c8 {
    min-width: unset;
    width: 80%;
  }
}

@media screen and (min-width:768px) and (max-width:991px) {
  .c8 {
    min-width: unset;
    width: 80%;
  }
}

<div
  className="c0"
>
  <div
    className="c1"
  >
    <div
      className="c2"
    >
      <button
        className="c3 c4"
        icon="nineTiles"
        id="btn-menu-options"
        onClick={[Function]}
        size="small"
        theme="blue"
      >
        <svg
          className="c5 c6"
          dangerouslySetInnerHTML={
            Object {
              "__html": "<g>
            <g>
                <path d=\\"M301.492,347.177h-91.361c-7.614,0-14.084,2.662-19.414,7.994c-5.33,5.331-7.992,11.8-7.992,19.41v54.823
                    c0,7.611,2.662,14.089,7.992,19.417c5.327,5.328,11.8,7.987,19.414,7.987h91.361c7.618,0,14.086-2.662,19.418-7.987
                    c5.325-5.331,7.994-11.806,7.994-19.417v-54.823c0-7.61-2.662-14.085-7.994-19.41S309.11,347.177,301.492,347.177z\\"/>
                <path d=\\"M118.771,347.177H27.406c-7.611,0-14.084,2.662-19.414,7.994C2.663,360.502,0,366.974,0,374.585v54.826
                    c0,7.61,2.663,14.086,7.992,19.41c5.33,5.332,11.803,7.991,19.414,7.991h91.365c7.611,0,14.084-2.663,19.414-7.991
                    c5.33-5.324,7.992-11.8,7.992-19.41v-54.826c0-7.611-2.662-14.083-7.992-19.411S126.382,347.177,118.771,347.177z\\"/>
                <path d=\\"M118.771,54.814H27.406c-7.611,0-14.084,2.663-19.414,7.993C2.663,68.137,0,74.61,0,82.221v54.821
                    c0,7.616,2.663,14.091,7.992,19.417c5.33,5.327,11.803,7.994,19.414,7.994h91.365c7.611,0,14.084-2.667,19.414-7.994
                    s7.992-11.798,7.992-19.414V82.225c0-7.611-2.662-14.084-7.992-19.417C132.855,57.48,126.382,54.814,118.771,54.814z\\"/>
                <path d=\\"M301.492,200.999h-91.361c-7.614,0-14.084,2.664-19.414,7.994s-7.992,11.798-7.992,19.414v54.823
                    c0,7.61,2.662,14.078,7.992,19.406c5.327,5.329,11.8,7.994,19.414,7.994h91.361c7.618,0,14.086-2.665,19.418-7.994
                    c5.325-5.328,7.994-11.796,7.994-19.406v-54.823c0-7.616-2.662-14.087-7.994-19.414S309.11,200.999,301.492,200.999z\\"/>
                <path d=\\"M118.771,200.999H27.406c-7.611,0-14.084,2.664-19.414,7.994C2.663,214.32,0,220.791,0,228.407v54.823
                    c0,7.61,2.663,14.078,7.992,19.406c5.33,5.329,11.803,7.994,19.414,7.994h91.365c7.611,0,14.084-2.665,19.414-7.994
                    c5.33-5.328,7.992-11.796,7.992-19.406v-54.823c0-7.616-2.662-14.087-7.992-19.414S126.382,200.999,118.771,200.999z\\"/>
                <path d=\\"M503.632,62.811c-5.332-5.327-11.8-7.993-19.41-7.993h-91.365c-7.61,0-14.086,2.663-19.417,7.993
                    c-5.325,5.33-7.987,11.803-7.987,19.414v54.821c0,7.616,2.662,14.083,7.987,19.414c5.331,5.327,11.807,7.994,19.417,7.994h91.365
                    c7.61,0,14.078-2.667,19.41-7.994s7.994-11.798,7.994-19.414V82.225C511.626,74.613,508.964,68.141,503.632,62.811z\\"/>
                <path d=\\"M301.492,54.818h-91.361c-7.614,0-14.084,2.663-19.414,7.993s-7.992,11.803-7.992,19.414v54.821
                    c0,7.616,2.662,14.083,7.992,19.414c5.327,5.327,11.8,7.994,19.414,7.994h91.361c7.618,0,14.086-2.664,19.418-7.994
                    c5.325-5.327,7.994-11.798,7.994-19.414V82.225c0-7.611-2.662-14.084-7.994-19.414C315.578,57.484,309.11,54.818,301.492,54.818z\\"
                    />
                <path d=\\"M484.222,200.999h-91.365c-7.61,0-14.086,2.664-19.417,7.994c-5.325,5.33-7.987,11.798-7.987,19.414v54.823
                    c0,7.61,2.662,14.078,7.987,19.406c5.331,5.329,11.807,7.994,19.417,7.994h91.365c7.61,0,14.085-2.665,19.41-7.994
                    c5.332-5.328,7.994-11.796,7.994-19.406v-54.823c0-7.616-2.662-14.087-7.994-19.414
                    C498.3,203.663,491.833,200.999,484.222,200.999z\\"/>
                <path d=\\"M484.222,347.177h-91.365c-7.61,0-14.086,2.662-19.417,7.994c-5.325,5.331-7.987,11.8-7.987,19.41v54.823
                    c0,7.611,2.662,14.089,7.987,19.417c5.331,5.328,11.807,7.987,19.417,7.987h91.365c7.61,0,14.085-2.662,19.41-7.987
                    c5.332-5.331,7.994-11.806,7.994-19.417v-54.823c0-7.61-2.662-14.085-7.994-19.41S491.833,347.177,484.222,347.177z\\"/>
            </g>
        </g>",
            }
          }
          icon="nineTiles"
          preserveAspectRatio="none"
          vectorEffect="non-scaling-stroke"
          viewBox="0 0 512.000 512.000"
          x="0px"
          y="0px"
        />
      </button>
    </div>
    <h1
      className="c7"
    >
      Title
    </h1>
  </div>
  <div
    className="c8"
  >
    <div
      className="c9"
      from="left"
      onClick={[Function]}
      style={
        Object {
          "animationDelay": "0s",
          "height": "40px",
          "top": "0px",
          "width": "100%",
        }
      }
      type="fade"
    >
      <label>
        Inicio
      </label>
    </div>
    <div
      className="c9"
      from="left"
      onClick={[Function]}
      style={
        Object {
          "animationDelay": "0.2s",
          "height": "40px",
          "top": "40px",
          "width": "100%",
        }
      }
      type="fade"
    >
      <label>
        Información de usuario
      </label>
    </div>
    <div
      className="c9"
      from="left"
      onClick={[Function]}
      style={
        Object {
          "animationDelay": "0.4s",
          "height": "40px",
          "top": "80px",
          "width": "100%",
        }
      }
      type="fade"
    >
      <label>
        Storybook vol. 1
      </label>
    </div>
    <div
      className="c9"
      from="left"
      onClick={[Function]}
      style={
        Object {
          "animationDelay": "0.6s",
          "height": "40px",
          "top": "120px",
          "width": "100%",
        }
      }
      type="fade"
    >
      <label>
        Storybook vol. 2
      </label>
    </div>
    <div
      className="c9"
      from="left"
      onClick={[Function]}
      style={
        Object {
          "animationDelay": "0.8s",
          "height": "40px",
          "top": "160px",
          "width": "100%",
        }
      }
      type="fade"
    >
      <label>
        Storybook vol. 3
      </label>
    </div>
  </div>
  <div
    className="c10"
  >
    <div
      style={
        Object {
          "backgroundColor": "#8394DE",
          "height": "100px",
          "width": "100px",
        }
      }
    />
  </div>
</div>
`;
