// Jest Snapshot v1, https://goo.gl/fbAQLP

exports[`[SNAPSHOT][Componentes][Common][ToastNotifications] - Notificación (advertencia). Debe pintar el componente con los siguientes modificadores: (Tipo: Advertencia)(Origen: arriba-izquierda). 1`] = `
.c0 {
  background-color: #FF9700;
  border-radius: 5px;
  box-shadow: 0 1px 8px 0 rgba(0,0,0,0.5);
  box-sizing: border-box;
  max-width: 420px;
  min-width: 250px;
  opacity: 0;
  padding: 15px;
  position: fixed;
  z-index: 996;
  left: 30px;
  top: -100%;
}

.c1 {
  background-color: transparent;
  background-image: url("data:image/svg+xml;base64,PHN2ZyB2ZXJzaW9uPSIxLjEiIGlkPSJDYXBhXzEiIHhtbG5zPSJodHRwOi8vd3d3LnczLm9yZy8yMDAwL3N2ZyIgeG1sbnM6eGxpbms9Imh0dHA6Ly93d3cudzMub3JnLzE5OTkveGxpbmsiIHg9IjBweCIgeT0iMHB4IiB3aWR0aD0iMzM5LjE3N3B4IiBoZWlnaHQ9IjMzOS4xNzdweCIgdmlld0JveD0iMCAwIDMzOS4xNzcgMzM5LjE3NyIgc3R5bGU9ImVuYWJsZS1iYWNrZ3JvdW5kOm5ldyAwIDAgMzM5LjE3NyAzMzkuMTc3OyBmaWxsOiB3aGl0ZTsiIHhtbDpzcGFjZT0icHJlc2VydmUiPjxnPjxwYXRoIGQ9Ik0yNDcuMjQ0LDE2OS41OWw4My45MzgtODMuOTM4YzUuMzMyLTUuMzI3LDcuOTk0LTExLjc5OCw3Ljk5NC0xOS40MTRjMC03LjYxNC0yLjY2OS0xNC4wODQtNy45OTQtMTkuNDE0TDI5Mi4zNTUsNy45OTNDMjg3LjAyNiwyLjY2NSwyODAuNTU2LDAsMjcyLjk0NCwwYy03LjYxNywwLTE0LjA4NSwyLjY2NS0xOS40MTcsNy45OTNMMTY5LjU5LDkxLjkzMUw4NS42NTEsNy45OTNDODAuMzI1LDIuNjY1LDczLjg1NCwwLDY2LjIzNywwYy03LjYxMSwwLTE0LjA4MywyLjY2NS0xOS40MTQsNy45OTNMNy45OTQsNDYuODI0QzIuNjY3LDUyLjE1LDAsNTguNjI0LDAsNjYuMjM4YzAsNy42MTYsMi42NjQsMTQuMDg0LDcuOTk0LDE5LjQxNGw4My45MzcsODMuOTM4TDcuOTk0LDI1My41MjhDMi42NjcsMjU4Ljg1OSwwLDI2NS4zMjcsMCwyNzIuOTQ1YzAsNy42MSwyLjY2NCwxNC4wODIsNy45OTQsMTkuNDFsMzguODMsMzguODI4YzUuMzMsNS4zMzIsMTEuODAzLDcuOTk0LDE5LjQxNCw3Ljk5NGM3LjYxNiwwLDE0LjA4NC0yLjY2OSwxOS40MTQtNy45OTRsODMuOTM5LTgzLjkzOGw4My45NDQsODMuOTM4YzUuMzI4LDUuMzMyLDExLjc5Myw3Ljk5NCwxOS40MTcsNy45OTRjNy42MTEsMCwxNC4wODItMi42NjksMTkuNDExLTcuOTk0bDM4LjgyLTM4LjgyOGM1LjMzMi01LjMyNCw3Ljk5NC0xMS44LDcuOTk0LTE5LjQxYzAtNy42MTgtMi42NjItMTQuMDg2LTcuOTk0LTE5LjQxN0wyNDcuMjQ0LDE2OS41OXoiLz48L2c+PC9zdmc+");
  background-position: center center;
  background-repeat: no-repeat;
  background-size: 10px 10px;
  border: none;
  cursor: pointer;
  height: 10px;
  padding: 0px;
  position: absolute;
  right: 10px;
  top: 10px;
  width: 10px;
}

.c3 {
  background-image: url("data:image/svg+xml;base64,PHN2ZyB2ZXJzaW9uPSIxLjEiIGlkPSJDYXBhXzEiIHhtbG5zPSJodHRwOi8vd3d3LnczLm9yZy8yMDAwL3N2ZyIgeG1sbnM6eGxpbms9Imh0dHA6Ly93d3cudzMub3JnLzE5OTkveGxpbmsiIHg9IjBweCIgeT0iMHB4IiB3aWR0aD0iNDM4LjUzM3B4IiBoZWlnaHQ9IjQzOC41MzNweCIgdmlld0JveD0iMCAwIDQzOC41MzMgNDM4LjUzMyIgc3R5bGU9ImVuYWJsZS1iYWNrZ3JvdW5kOm5ldyAwIDAgNDM4LjUzMyA0MzguNTMzOyBmaWxsOiB3aGl0ZTsiIHhtbDpzcGFjZT0icHJlc2VydmUiPjxnPjxwYXRoIGQ9Ik00MDkuMTMzLDEwOS4yMDNjLTE5LjYwOC0zMy41OTItNDYuMjA1LTYwLjE4OS03OS43OTgtNzkuNzk2QzI5NS43MzYsOS44MDEsMjU5LjA1OCwwLDIxOS4yNzMsMGMtMzkuNzgxLDAtNzYuNDY2LDkuODAxLTExMC4wNjMsMjkuNDA3Yy0zMy41OTUsMTkuNjA0LTYwLjE5Miw0Ni4yMDEtNzkuOCw3OS43OTZDOS44MDEsMTQyLjgsMCwxNzkuNDg5LDAsMjE5LjI2N3M5LjgwNCw3Ni40NjMsMjkuNDA3LDExMC4wNjJjMTkuNjA3LDMzLjU4NSw0Ni4yMDQsNjAuMTg5LDc5Ljc5OSw3OS43OThjMzMuNTk3LDE5LjYwNSw3MC4yODMsMjkuNDA3LDExMC4wNjMsMjkuNDA3czc2LjQ3LTkuODAyLDExMC4wNjUtMjkuNDA3YzMzLjU5My0xOS42MDIsNjAuMTg5LTQ2LjIwNiw3OS43OTUtNzkuNzk4YzE5LjYwMy0zMy41OTksMjkuNDAzLTcwLjI4NywyOS40MDMtMTEwLjA2MkM0MzguNTMzLDE3OS40ODksNDI4LjczMiwxNDIuNzk1LDQwOS4xMzMsMTA5LjIwM3ogTTI1NS44MiwzNTYuMDIxYzAsMi42NjktMC44NjIsNC45LTIuNTczLDYuNzA3cy0zLjgwNiwyLjcxMS02LjI4MywyLjcxMWgtNTQuODE4Yy0yLjQ3MiwwLTQuNjYzLTAuOTUyLTYuNTY1LTIuODU0Yy0xLjkwNC0xLjkwMy0yLjg1NC00LjA5My0yLjg1NC02LjU2M1YzMDEuNzhjMC0yLjQ3OCwwLjk1LTQuNjY4LDIuODU0LTYuNTcxYzEuOTAzLTEuOTAyLDQuMDkzLTIuODUxLDYuNTY1LTIuODUxaDU0LjgxOGMyLjQ3OCwwLDQuNTc5LDAuOTA3LDYuMjgzLDIuNzA3YzEuNzExLDEuODE3LDIuNTczLDQuMDQ1LDIuNTczLDYuNzE1VjM1Ni4wMjF6IE0yNTUuMjQ2LDI1Ny44MTJjLTAuMTkyLDEuOTAyLTEuMTg4LDMuNTY4LTIuOTkxLDQuOTk2Yy0xLjgxMywxLjQyNC00LjA0NSwyLjEzNS02LjcwOCwyLjEzNWgtNTIuODIyYy0yLjY2NiwwLTQuOTUtMC43MTEtNi44NTMtMi4xMzVjLTEuOTA0LTEuNDI4LTIuODU3LTMuMDk0LTIuODU3LTQuOTk2TDE3OC4xNjIsODAuNTFjMC0yLjI4OCwwLjk1LTMuOTk3LDIuODUyLTUuMTRjMS45MDYtMS41MjEsNC4xOS0yLjI4NCw2Ljg1NC0yLjI4NGg2Mi44MTljMi42NjYsMCw0Ljk0OCwwLjc2LDYuODUxLDIuMjg0YzEuOTAzLDEuMTQzLDIuODQ4LDIuODU2LDIuODQ4LDUuMTRMMjU1LjI0NiwyNTcuODEyeiIvPjwvZz48L3N2Zz4=");
  background-repeat: no-repeat;
  background-position: center center;
  background-size: 40px 40px;
  height: 40px;
  margin: 0px;
  padding: 0px;
  width: 40px;
}

.c2 {
  display: inline-block;
  float: left;
  height: auto;
  margin: 0px;
  padding: 0px;
  width: 40px;
}

.c4 {
  box-sizing: border-box;
  display: inline-block;
  float: left;
  height: auto;
  margin: 0px;
  padding: 0px 0px 0px 15px;
  width: calc(100% - 40px);
}

.c5 {
  color: #FFF;
  display: block;
  font-family: "Open Sans", sans-serif;
  font-size: 14px;
  font-weight: bold;
  margin-bottom: 10px;
  margin-right: 20px;
  text-align: left;
  white-space: nowrap;
  width: 100%;
}

@media screen and (max-width:767px) {
  .c0 {
    border-radius: 0px;
    left: 0px;
    width: 100%;
  }
}

@media screen and (min-width:768px) and (max-width:991px) {
  .c0 {
    border-radius: 0px;
    left: 0px;
    width: 100%;
  }
}

<div
  className="c0"
  from="top"
>
  <button
    className="c1"
    onClick={[Function]}
    type="button"
  />
  <div
    className="c2"
  >
    <div
      className="c3"
    />
  </div>
  <div
    className="c4"
  >
    <label
      className="c5"
    >
      Notificación tipo "tostada".
    </label>
  </div>
</div>
`;

exports[`[SNAPSHOT][Componentes][Common][ToastNotifications] - Notificación (error). Debe pintar el componente con los siguientes modificadores: (Tipo: Error)(Origen: abajo-derecha). 1`] = `
.c0 {
  background-color: #E51D24;
  border-radius: 5px;
  box-shadow: 0 1px 8px 0 rgba(0,0,0,0.5);
  box-sizing: border-box;
  max-width: 420px;
  min-width: 250px;
  opacity: 0;
  padding: 15px;
  position: fixed;
  z-index: 996;
  right: 30px;
  bottom: -100%;
}

.c1 {
  background-color: transparent;
  background-image: url("data:image/svg+xml;base64,PHN2ZyB2ZXJzaW9uPSIxLjEiIGlkPSJDYXBhXzEiIHhtbG5zPSJodHRwOi8vd3d3LnczLm9yZy8yMDAwL3N2ZyIgeG1sbnM6eGxpbms9Imh0dHA6Ly93d3cudzMub3JnLzE5OTkveGxpbmsiIHg9IjBweCIgeT0iMHB4IiB3aWR0aD0iMzM5LjE3N3B4IiBoZWlnaHQ9IjMzOS4xNzdweCIgdmlld0JveD0iMCAwIDMzOS4xNzcgMzM5LjE3NyIgc3R5bGU9ImVuYWJsZS1iYWNrZ3JvdW5kOm5ldyAwIDAgMzM5LjE3NyAzMzkuMTc3OyBmaWxsOiB3aGl0ZTsiIHhtbDpzcGFjZT0icHJlc2VydmUiPjxnPjxwYXRoIGQ9Ik0yNDcuMjQ0LDE2OS41OWw4My45MzgtODMuOTM4YzUuMzMyLTUuMzI3LDcuOTk0LTExLjc5OCw3Ljk5NC0xOS40MTRjMC03LjYxNC0yLjY2OS0xNC4wODQtNy45OTQtMTkuNDE0TDI5Mi4zNTUsNy45OTNDMjg3LjAyNiwyLjY2NSwyODAuNTU2LDAsMjcyLjk0NCwwYy03LjYxNywwLTE0LjA4NSwyLjY2NS0xOS40MTcsNy45OTNMMTY5LjU5LDkxLjkzMUw4NS42NTEsNy45OTNDODAuMzI1LDIuNjY1LDczLjg1NCwwLDY2LjIzNywwYy03LjYxMSwwLTE0LjA4MywyLjY2NS0xOS40MTQsNy45OTNMNy45OTQsNDYuODI0QzIuNjY3LDUyLjE1LDAsNTguNjI0LDAsNjYuMjM4YzAsNy42MTYsMi42NjQsMTQuMDg0LDcuOTk0LDE5LjQxNGw4My45MzcsODMuOTM4TDcuOTk0LDI1My41MjhDMi42NjcsMjU4Ljg1OSwwLDI2NS4zMjcsMCwyNzIuOTQ1YzAsNy42MSwyLjY2NCwxNC4wODIsNy45OTQsMTkuNDFsMzguODMsMzguODI4YzUuMzMsNS4zMzIsMTEuODAzLDcuOTk0LDE5LjQxNCw3Ljk5NGM3LjYxNiwwLDE0LjA4NC0yLjY2OSwxOS40MTQtNy45OTRsODMuOTM5LTgzLjkzOGw4My45NDQsODMuOTM4YzUuMzI4LDUuMzMyLDExLjc5Myw3Ljk5NCwxOS40MTcsNy45OTRjNy42MTEsMCwxNC4wODItMi42NjksMTkuNDExLTcuOTk0bDM4LjgyLTM4LjgyOGM1LjMzMi01LjMyNCw3Ljk5NC0xMS44LDcuOTk0LTE5LjQxYzAtNy42MTgtMi42NjItMTQuMDg2LTcuOTk0LTE5LjQxN0wyNDcuMjQ0LDE2OS41OXoiLz48L2c+PC9zdmc+");
  background-position: center center;
  background-repeat: no-repeat;
  background-size: 10px 10px;
  border: none;
  cursor: pointer;
  height: 10px;
  padding: 0px;
  position: absolute;
  right: 10px;
  top: 10px;
  width: 10px;
}

.c3 {
  background-image: url("data:image/svg+xml;base64,PHN2ZyB2ZXJzaW9uPSIxLjEiIGlkPSJDYXBhXzEiIHhtbG5zPSJodHRwOi8vd3d3LnczLm9yZy8yMDAwL3N2ZyIgeG1sbnM6eGxpbms9Imh0dHA6Ly93d3cudzMub3JnLzE5OTkveGxpbmsiIHg9IjBweCIgeT0iMHB4IiB3aWR0aD0iNDM4LjUzM3B4IiBoZWlnaHQ9IjQzOC41MzNweCIgdmlld0JveD0iMCAwIDQzOC41MzMgNDM4LjUzMyIgc3R5bGU9ImVuYWJsZS1iYWNrZ3JvdW5kOm5ldyAwIDAgNDM4LjUzMyA0MzguNTMzOyBmaWxsOiB3aGl0ZTsiIHhtbDpzcGFjZT0icHJlc2VydmUiPjxnPjxwYXRoIGQ9Ik00MDkuMTMzLDEwOS4yMDNjLTE5LjYwOC0zMy41OTItNDYuMjA1LTYwLjE4OS03OS43OTgtNzkuNzk2QzI5NS43MzYsOS44MDEsMjU5LjA1OCwwLDIxOS4yNzMsMGMtMzkuNzgxLDAtNzYuNDcsOS44MDEtMTEwLjA2MywyOS40MDdjLTMzLjU5NSwxOS42MDQtNjAuMTkyLDQ2LjIwMS03OS44LDc5Ljc5NkM5LjgwMSwxNDIuOCwwLDE3OS40ODksMCwyMTkuMjY3YzAsMzkuNzgsOS44MDQsNzYuNDYzLDI5LjQwNywxMTAuMDYyYzE5LjYwNywzMy41OTIsNDYuMjA0LDYwLjE4OSw3OS43OTksNzkuNzk4YzMzLjU5NywxOS42MDUsNzAuMjgzLDI5LjQwNywxMTAuMDYzLDI5LjQwN3M3Ni40Ny05LjgwMiwxMTAuMDY1LTI5LjQwN2MzMy41OTMtMTkuNjAyLDYwLjE4OS00Ni4yMDYsNzkuNzk1LTc5Ljc5OGMxOS42MDMtMzMuNTk2LDI5LjQwMy03MC4yODQsMjkuNDAzLTExMC4wNjJDNDM4LjUzMywxNzkuNDg1LDQyOC43MzIsMTQyLjc5NSw0MDkuMTMzLDEwOS4yMDN6IE0zMjIuNjIxLDI3MC45MzljMy42MTcsMy42MTMsNS40MjgsNy45MDUsNS40MjgsMTIuODU0YzAsNS4xMzMtMS44MTEsOS41MTQtNS40MjgsMTMuMTI3bC0yNS42OTMsMjUuNzAxYy0zLjYxNCwzLjYxMy03Ljk5NCw1LjQyLTEzLjEzNSw1LjQyYy00Ljk0OCwwLTkuMjM2LTEuODA3LTEyLjg0Ny01LjQybC01MS42NzYtNTEuNjgybC01MS42NzgsNTEuNjgyYy0zLjYxNiwzLjYxMy03Ljg5OCw1LjQyLTEyLjg0Nyw1LjQyYy01LjE0LDAtOS41MTctMS44MDctMTMuMTM0LTUuNDJsLTI1LjY5Ny0yNS43MDFjLTMuNjE2LTMuNjEzLTUuNDI0LTcuOTk0LTUuNDI0LTEzLjEyN2MwLTQuOTQ4LDEuODA5LTkuMjQsNS40MjQtMTIuODU0bDUxLjY3OC01MS42NzNsLTUxLjY3OC01MS42NzhjLTMuNjE2LTMuNjEyLTUuNDI0LTcuODk4LTUuNDI0LTEyLjg0N2MwLTUuMTQsMS44MDktOS41MTcsNS40MjQtMTMuMTM0bDI1LjY5Ny0yNS42OTNjMy42MTctMy42MTYsNy45OTQtNS40MjQsMTMuMTM0LTUuNDI0YzQuOTQ5LDAsOS4yMzEsMS44MDksMTIuODQ3LDUuNDI0bDUxLjY3OCw1MS42NzRsNTEuNjc2LTUxLjY3NGMzLjYxLTMuNjE2LDcuODk4LTUuNDI0LDEyLjg0Ny01LjQyNGM1LjE0MSwwLDkuNTIxLDEuODA5LDEzLjEzNSw1LjQyNGwyNS42OTMsMjUuNjkzYzMuNjE3LDMuNjE3LDUuNDI4LDcuOTk0LDUuNDI4LDEzLjEzNGMwLDQuOTQ4LTEuODExLDkuMjM1LTUuNDI4LDEyLjg0N2wtNTEuNjc1LDUxLjY3OEwzMjIuNjIxLDI3MC45Mzl6Ii8+PC9nPjwvc3ZnPg==");
  background-repeat: no-repeat;
  background-position: center center;
  background-size: 40px 40px;
  height: 40px;
  margin: 0px;
  padding: 0px;
  width: 40px;
}

.c2 {
  display: inline-block;
  float: left;
  height: auto;
  margin: 0px;
  padding: 0px;
  width: 40px;
}

.c4 {
  box-sizing: border-box;
  display: inline-block;
  float: left;
  height: auto;
  margin: 0px;
  padding: 0px 0px 0px 15px;
  width: calc(100% - 40px);
}

.c5 {
  color: #FFF;
  display: block;
  font-family: "Open Sans", sans-serif;
  font-size: 14px;
  font-weight: bold;
  margin-bottom: 10px;
  margin-right: 20px;
  text-align: left;
  white-space: nowrap;
  width: 100%;
}

.c6 {
  color: #FFF;
  display: block;
  font-family: "Open Sans", sans-serif;
  font-size: 12px;
  font-weight: normal;
  text-align: left;
  width: 100%;
}

@media screen and (max-width:767px) {
  .c0 {
    border-radius: 0px;
    left: 0px;
    width: 100%;
  }
}

@media screen and (min-width:768px) and (max-width:991px) {
  .c0 {
    border-radius: 0px;
    left: 0px;
    width: 100%;
  }
}

<div
  className="c0"
  from="bottom"
>
  <button
    className="c1"
    onClick={[Function]}
    type="button"
  />
  <div
    className="c2"
  >
    <div
      className="c3"
    />
  </div>
  <div
    className="c4"
  >
    <label
      className="c5"
    >
      Notificación tipo "tostada".
    </label>
    <label
      className="c6"
    >
      Si, es una notificación tipo "tostada".
    </label>
  </div>
</div>
`;

exports[`[SNAPSHOT][Componentes][Common][ToastNotifications] - Notificación (información). Debe pintar el componente con los siguientes modificadores: (Tipo: Información)(Origen: arriba-derecha). 1`] = `
.c0 {
  background-color: #1476FB;
  border-radius: 5px;
  box-shadow: 0 1px 8px 0 rgba(0,0,0,0.5);
  box-sizing: border-box;
  max-width: 420px;
  min-width: 250px;
  opacity: 0;
  padding: 15px;
  position: fixed;
  z-index: 996;
  right: 30px;
  top: -100%;
}

.c1 {
  background-color: transparent;
  background-image: url("data:image/svg+xml;base64,PHN2ZyB2ZXJzaW9uPSIxLjEiIGlkPSJDYXBhXzEiIHhtbG5zPSJodHRwOi8vd3d3LnczLm9yZy8yMDAwL3N2ZyIgeG1sbnM6eGxpbms9Imh0dHA6Ly93d3cudzMub3JnLzE5OTkveGxpbmsiIHg9IjBweCIgeT0iMHB4IiB3aWR0aD0iMzM5LjE3N3B4IiBoZWlnaHQ9IjMzOS4xNzdweCIgdmlld0JveD0iMCAwIDMzOS4xNzcgMzM5LjE3NyIgc3R5bGU9ImVuYWJsZS1iYWNrZ3JvdW5kOm5ldyAwIDAgMzM5LjE3NyAzMzkuMTc3OyBmaWxsOiB3aGl0ZTsiIHhtbDpzcGFjZT0icHJlc2VydmUiPjxnPjxwYXRoIGQ9Ik0yNDcuMjQ0LDE2OS41OWw4My45MzgtODMuOTM4YzUuMzMyLTUuMzI3LDcuOTk0LTExLjc5OCw3Ljk5NC0xOS40MTRjMC03LjYxNC0yLjY2OS0xNC4wODQtNy45OTQtMTkuNDE0TDI5Mi4zNTUsNy45OTNDMjg3LjAyNiwyLjY2NSwyODAuNTU2LDAsMjcyLjk0NCwwYy03LjYxNywwLTE0LjA4NSwyLjY2NS0xOS40MTcsNy45OTNMMTY5LjU5LDkxLjkzMUw4NS42NTEsNy45OTNDODAuMzI1LDIuNjY1LDczLjg1NCwwLDY2LjIzNywwYy03LjYxMSwwLTE0LjA4MywyLjY2NS0xOS40MTQsNy45OTNMNy45OTQsNDYuODI0QzIuNjY3LDUyLjE1LDAsNTguNjI0LDAsNjYuMjM4YzAsNy42MTYsMi42NjQsMTQuMDg0LDcuOTk0LDE5LjQxNGw4My45MzcsODMuOTM4TDcuOTk0LDI1My41MjhDMi42NjcsMjU4Ljg1OSwwLDI2NS4zMjcsMCwyNzIuOTQ1YzAsNy42MSwyLjY2NCwxNC4wODIsNy45OTQsMTkuNDFsMzguODMsMzguODI4YzUuMzMsNS4zMzIsMTEuODAzLDcuOTk0LDE5LjQxNCw3Ljk5NGM3LjYxNiwwLDE0LjA4NC0yLjY2OSwxOS40MTQtNy45OTRsODMuOTM5LTgzLjkzOGw4My45NDQsODMuOTM4YzUuMzI4LDUuMzMyLDExLjc5Myw3Ljk5NCwxOS40MTcsNy45OTRjNy42MTEsMCwxNC4wODItMi42NjksMTkuNDExLTcuOTk0bDM4LjgyLTM4LjgyOGM1LjMzMi01LjMyNCw3Ljk5NC0xMS44LDcuOTk0LTE5LjQxYzAtNy42MTgtMi42NjItMTQuMDg2LTcuOTk0LTE5LjQxN0wyNDcuMjQ0LDE2OS41OXoiLz48L2c+PC9zdmc+");
  background-position: center center;
  background-repeat: no-repeat;
  background-size: 10px 10px;
  border: none;
  cursor: pointer;
  height: 10px;
  padding: 0px;
  position: absolute;
  right: 10px;
  top: 10px;
  width: 10px;
}

.c3 {
  background-image: url("data:image/svg+xml;base64,PHN2ZyB2ZXJzaW9uPSIxLjEiIGlkPSJDYXBhXzEiIHhtbG5zPSJodHRwOi8vd3d3LnczLm9yZy8yMDAwL3N2ZyIgeG1sbnM6eGxpbms9Imh0dHA6Ly93d3cudzMub3JnLzE5OTkveGxpbmsiIHg9IjBweCIgeT0iMHB4IiB3aWR0aD0iNDM4LjUzM3B4IiBoZWlnaHQ9IjQzOC41MzNweCIgdmlld0JveD0iMCAwIDQzOC41MzMgNDM4LjUzMyIgc3R5bGU9ImVuYWJsZS1iYWNrZ3JvdW5kOm5ldyAwIDAgNDM4LjUzMyA0MzguNTMzOyBmaWxsOiB3aGl0ZTsiIHhtbDpzcGFjZT0icHJlc2VydmUiPjxnPjxwYXRoIGQ9Ik00MDkuMTMzLDEwOS4yMDNjLTE5LjYwOC0zMy41OTItNDYuMjA1LTYwLjE4OS03OS43OTgtNzkuNzk2QzI5NS43MzYsOS44MDEsMjU5LjA1OCwwLDIxOS4yNzMsMGMtMzkuNzgxLDAtNzYuNDcsOS44MDEtMTEwLjA2MywyOS40MDdjLTMzLjU5NSwxOS42MDQtNjAuMTkyLDQ2LjIwMS03OS44LDc5Ljc5NkM5LjgwMSwxNDIuOCwwLDE3OS40ODksMCwyMTkuMjY3YzAsMzkuNzgsOS44MDQsNzYuNDYzLDI5LjQwNywxMTAuMDYyYzE5LjYwNywzMy41OTIsNDYuMjA0LDYwLjE4OSw3OS43OTksNzkuNzk4YzMzLjU5NywxOS42MDUsNzAuMjgzLDI5LjQwNywxMTAuMDYzLDI5LjQwN3M3Ni40Ny05LjgwMiwxMTAuMDY1LTI5LjQwN2MzMy41OTMtMTkuNjAyLDYwLjE4OS00Ni4yMDYsNzkuNzk1LTc5Ljc5OGMxOS42MDMtMzMuNTk2LDI5LjQwMy03MC4yODQsMjkuNDAzLTExMC4wNjJDNDM4LjUzMywxNzkuNDg1LDQyOC43MzIsMTQyLjc5NSw0MDkuMTMzLDEwOS4yMDN6IE0xODIuNzI3LDU0LjgxM2MwLTIuNjY2LDAuODU1LTQuODUzLDIuNTctNi41NjVjMS43MTItMS43MTEsMy45MDMtMi41Nyw2LjU2Ny0yLjU3aDU0LjgyYzIuNjYyLDAsNC44NTMsMC44NTksNi41NjEsMi41N2MxLjcxMSwxLjcxMiwyLjU3MywzLjg5OSwyLjU3Myw2LjU2NXY0NS42ODJjMCwyLjY2NC0wLjg2Miw0Ljg1NC0yLjU3Myw2LjU2NGMtMS43MDgsMS43MTItMy44OTgsMi41NjgtNi41NjEsMi41NjhoLTU0LjgyYy0yLjY2NCwwLTQuODU0LTAuODU2LTYuNTY3LTIuNTY4Yy0xLjcxNS0xLjcwOS0yLjU3LTMuOS0yLjU3LTYuNTY0VjU0LjgxM3ogTTI5Mi4zNTksMzU2LjMwOWMwLDIuNjYyLTAuODYzLDQuODUzLTIuNTcsNi41NjFjLTEuNzA0LDEuNzE0LTMuODk1LDIuNTctNi41NjMsMi41N0gxNTUuMzE3Yy0yLjY2NywwLTQuODU0LTAuODU2LTYuNTY3LTIuNTdjLTEuNzEyLTEuNzA4LTIuNTY4LTMuODk4LTIuNTY4LTYuNTY0di00NS42ODJjMC0yLjY3LDAuODU2LTQuODUzLDIuNTY4LTYuNTY3YzEuNzEzLTEuNzA4LDMuOTAzLTIuNTcsNi41NjctMi41N2gyNy40MXYtOTEuMzU4aC0yNy40MWMtMi42NjcsMC00Ljg1My0wLjg1NS02LjU2Ny0yLjU2OGMtMS43MTItMS43MTEtMi41NjgtMy45MDEtMi41NjgtNi41Njd2LTQ1LjY3OWMwLTIuNjY2LDAuODU2LTQuODUzLDIuNTY4LTYuNTY3YzEuNzE1LTEuNzEzLDMuOTA1LTIuNTY4LDYuNTY3LTIuNTY4aDkxLjM2N2MyLjY2MiwwLDQuODUzLDAuODU1LDYuNTYxLDIuNTY4YzEuNzExLDEuNzE0LDIuNTczLDMuOTAxLDIuNTczLDYuNTY3djE0Ni4xNzloMjcuNDAxYzIuNjY5LDAsNC44NTksMC44NTUsNi41NywyLjU2NmMxLjcwNCwxLjcxMiwyLjU2NiwzLjkwMSwyLjU2Niw2LjU2N3Y0NS42ODNIMjkyLjM1OXoiLz48L2c+PC9zdmc+");
  background-repeat: no-repeat;
  background-position: center center;
  background-size: 40px 40px;
  height: 40px;
  margin: 0px;
  padding: 0px;
  width: 40px;
}

.c2 {
  display: inline-block;
  float: left;
  height: auto;
  margin: 0px;
  padding: 0px;
  width: 40px;
}

.c4 {
  box-sizing: border-box;
  display: inline-block;
  float: left;
  height: auto;
  margin: 0px;
  padding: 0px 0px 0px 15px;
  width: calc(100% - 40px);
}

.c5 {
  color: #FFF;
  display: block;
  font-family: "Open Sans", sans-serif;
  font-size: 14px;
  font-weight: bold;
  margin-bottom: 10px;
  margin-right: 20px;
  text-align: left;
  white-space: nowrap;
  width: 100%;
}

@media screen and (max-width:767px) {
  .c0 {
    border-radius: 0px;
    left: 0px;
    width: 100%;
  }
}

@media screen and (min-width:768px) and (max-width:991px) {
  .c0 {
    border-radius: 0px;
    left: 0px;
    width: 100%;
  }
}

<div
  className="c0"
  from="top"
>
  <button
    className="c1"
    onClick={[Function]}
    type="button"
  />
  <div
    className="c2"
  >
    <div
      className="c3"
    />
  </div>
  <div
    className="c4"
  >
    <label
      className="c5"
    >
      Notificación tipo "tostada".
    </label>
    <label>
      Si, es una notificación tipo "tostada".
    </label>
  </div>
</div>
`;

exports[`[SNAPSHOT][Componentes][Common][ToastNotifications] - Notificación (éxito). Debe pintar el componente con los siguientes modificadores: (Tipo: Éxito)(Origen: abajo-izquierda). 1`] = `
.c0 {
  background-color: #4CB050;
  border-radius: 5px;
  box-shadow: 0 1px 8px 0 rgba(0,0,0,0.5);
  box-sizing: border-box;
  max-width: 420px;
  min-width: 250px;
  opacity: 0;
  padding: 15px;
  position: fixed;
  z-index: 996;
  left: 30px;
  bottom: -100%;
}

.c1 {
  background-color: transparent;
  background-image: url("data:image/svg+xml;base64,PHN2ZyB2ZXJzaW9uPSIxLjEiIGlkPSJDYXBhXzEiIHhtbG5zPSJodHRwOi8vd3d3LnczLm9yZy8yMDAwL3N2ZyIgeG1sbnM6eGxpbms9Imh0dHA6Ly93d3cudzMub3JnLzE5OTkveGxpbmsiIHg9IjBweCIgeT0iMHB4IiB3aWR0aD0iMzM5LjE3N3B4IiBoZWlnaHQ9IjMzOS4xNzdweCIgdmlld0JveD0iMCAwIDMzOS4xNzcgMzM5LjE3NyIgc3R5bGU9ImVuYWJsZS1iYWNrZ3JvdW5kOm5ldyAwIDAgMzM5LjE3NyAzMzkuMTc3OyBmaWxsOiB3aGl0ZTsiIHhtbDpzcGFjZT0icHJlc2VydmUiPjxnPjxwYXRoIGQ9Ik0yNDcuMjQ0LDE2OS41OWw4My45MzgtODMuOTM4YzUuMzMyLTUuMzI3LDcuOTk0LTExLjc5OCw3Ljk5NC0xOS40MTRjMC03LjYxNC0yLjY2OS0xNC4wODQtNy45OTQtMTkuNDE0TDI5Mi4zNTUsNy45OTNDMjg3LjAyNiwyLjY2NSwyODAuNTU2LDAsMjcyLjk0NCwwYy03LjYxNywwLTE0LjA4NSwyLjY2NS0xOS40MTcsNy45OTNMMTY5LjU5LDkxLjkzMUw4NS42NTEsNy45OTNDODAuMzI1LDIuNjY1LDczLjg1NCwwLDY2LjIzNywwYy03LjYxMSwwLTE0LjA4MywyLjY2NS0xOS40MTQsNy45OTNMNy45OTQsNDYuODI0QzIuNjY3LDUyLjE1LDAsNTguNjI0LDAsNjYuMjM4YzAsNy42MTYsMi42NjQsMTQuMDg0LDcuOTk0LDE5LjQxNGw4My45MzcsODMuOTM4TDcuOTk0LDI1My41MjhDMi42NjcsMjU4Ljg1OSwwLDI2NS4zMjcsMCwyNzIuOTQ1YzAsNy42MSwyLjY2NCwxNC4wODIsNy45OTQsMTkuNDFsMzguODMsMzguODI4YzUuMzMsNS4zMzIsMTEuODAzLDcuOTk0LDE5LjQxNCw3Ljk5NGM3LjYxNiwwLDE0LjA4NC0yLjY2OSwxOS40MTQtNy45OTRsODMuOTM5LTgzLjkzOGw4My45NDQsODMuOTM4YzUuMzI4LDUuMzMyLDExLjc5Myw3Ljk5NCwxOS40MTcsNy45OTRjNy42MTEsMCwxNC4wODItMi42NjksMTkuNDExLTcuOTk0bDM4LjgyLTM4LjgyOGM1LjMzMi01LjMyNCw3Ljk5NC0xMS44LDcuOTk0LTE5LjQxYzAtNy42MTgtMi42NjItMTQuMDg2LTcuOTk0LTE5LjQxN0wyNDcuMjQ0LDE2OS41OXoiLz48L2c+PC9zdmc+");
  background-position: center center;
  background-repeat: no-repeat;
  background-size: 10px 10px;
  border: none;
  cursor: pointer;
  height: 10px;
  padding: 0px;
  position: absolute;
  right: 10px;
  top: 10px;
  width: 10px;
}

.c3 {
  background-image: url("data:image/svg+xml;base64,PHN2ZyB2ZXJzaW9uPSIxLjEiIGlkPSJDYXBhXzEiIHhtbG5zPSJodHRwOi8vd3d3LnczLm9yZy8yMDAwL3N2ZyIgeG1sbnM6eGxpbms9Imh0dHA6Ly93d3cudzMub3JnLzE5OTkveGxpbmsiIHg9IjBweCIgeT0iMHB4IiB3aWR0aD0iNDM4LjUzM3B4IiBoZWlnaHQ9IjQzOC41MzNweCIgdmlld0JveD0iMCAwIDQzOC41MzMgNDM4LjUzMyIgc3R5bGU9ImVuYWJsZS1iYWNrZ3JvdW5kOm5ldyAwIDAgNDM4LjUzMyA0MzguNTMzOyBmaWxsOiB3aGl0ZTsiIHhtbDpzcGFjZT0icHJlc2VydmUiPjxnPjxwYXRoIGQ9Ik00MDkuMTMzLDEwOS4yMDNjLTE5LjYwOC0zMy41OTItNDYuMjA1LTYwLjE4OS03OS43OTgtNzkuNzk2QzI5NS43MzYsOS44MDEsMjU5LjA1OCwwLDIxOS4yNzMsMGMtMzkuNzgxLDAtNzYuNDcsOS44MDEtMTEwLjA2MywyOS40MDdjLTMzLjU5NSwxOS42MDQtNjAuMTkyLDQ2LjIwMS03OS44LDc5Ljc5NkM5LjgwMSwxNDIuOCwwLDE3OS40ODksMCwyMTkuMjY3YzAsMzkuNzgsOS44MDQsNzYuNDYzLDI5LjQwNywxMTAuMDYyYzE5LjYwNywzMy41OTIsNDYuMjA0LDYwLjE4OSw3OS43OTksNzkuNzk4YzMzLjU5NywxOS42MDUsNzAuMjgzLDI5LjQwNywxMTAuMDYzLDI5LjQwN3M3Ni40Ny05LjgwMiwxMTAuMDY1LTI5LjQwN2MzMy41OTMtMTkuNjAyLDYwLjE4OS00Ni4yMDYsNzkuNzk1LTc5Ljc5OGMxOS42MDMtMzMuNTk2LDI5LjQwMy03MC4yODQsMjkuNDAzLTExMC4wNjJDNDM4LjUzMywxNzkuNDg1LDQyOC43MzIsMTQyLjc5NSw0MDkuMTMzLDEwOS4yMDN6IE0zNjEuNDQ1LDE4NS44NjNMMjA2LjQyLDM0MC44ODljLTMuNjE3LDMuNjItNy45OTIsNS40MjgtMTMuMTM0LDUuNDI4Yy00Ljk0OCwwLTkuMjI5LTEuODA4LTEyLjg0Ny01LjQyOEw3Ny4wODMsMjM3LjUzOWMtMy40MjItMy40MjktNS4xMzctNy43MDMtNS4xMzctMTIuODQ3YzAtNS4zMjgsMS43MDktOS43MDksNS4xMzctMTMuMTM2bDI1Ljk4MS0yNS42OTNjMy42MjEtMy42MTYsNy44OTgtNS40MjQsMTIuODUtNS40MjRzOS4yMzUsMS44MDksMTIuODUsNS40MjRsNjQuNTI1LDY0LjUyM2wxMTYuNDg1LTExNi4xOTljMy42MTctMy42MTcsNy44OTgtNS40MjYsMTIuODQ3LTUuNDI2YzQuOTQ1LDAsOS4yMzMsMS44MDksMTIuODQ3LDUuNDI2bDI1Ljk4MSwyNS42OTdjMy40MzIsMy40MjQsNS4xNCw3LjgwMSw1LjE0LDEzLjEyOUMzNjYuNTg5LDE3OC4xNTQsMzY0Ljg4MSwxODIuNDM3LDM2MS40NDUsMTg1Ljg2M3oiLz48L2c+PC9zdmc+");
  background-repeat: no-repeat;
  background-position: center center;
  background-size: 40px 40px;
  height: 40px;
  margin: 0px;
  padding: 0px;
  width: 40px;
}

.c2 {
  display: inline-block;
  float: left;
  height: auto;
  margin: 0px;
  padding: 0px;
  width: 40px;
}

.c4 {
  box-sizing: border-box;
  display: inline-block;
  float: left;
  height: auto;
  margin: 0px;
  padding: 0px 0px 0px 15px;
  width: calc(100% - 40px);
}

.c5 {
  color: #FFF;
  display: block;
  font-family: "Open Sans", sans-serif;
  font-size: 14px;
  font-weight: bold;
  margin-bottom: 10px;
  margin-right: 20px;
  text-align: left;
  white-space: nowrap;
  width: 100%;
}

.c6 {
  color: #FFF;
  display: block;
  font-family: "Open Sans", sans-serif;
  font-size: 12px;
  font-weight: normal;
  text-align: left;
  width: 100%;
}

@media screen and (max-width:767px) {
  .c0 {
    border-radius: 0px;
    left: 0px;
    width: 100%;
  }
}

@media screen and (min-width:768px) and (max-width:991px) {
  .c0 {
    border-radius: 0px;
    left: 0px;
    width: 100%;
  }
}

<div
  className="c0"
  from="bottom"
>
  <button
    className="c1"
    onClick={[Function]}
    type="button"
  />
  <div
    className="c2"
  >
    <div
      className="c3"
    />
  </div>
  <div
    className="c4"
  >
    <label
      className="c5"
    >
      Notificación tipo "tostada".
    </label>
    <label
      className="c6"
    >
      Si, es una notificación tipo "tostada".
    </label>
  </div>
</div>
`;
